[rgbtfire.webflow.io/about.html]
[backblue.gif]
[fade.gif]
[index.html]
[assets-global.website-files.com/64c79ee268baad8314427a80/css/rgbtfire.webflow.e36b3ea55.css]
[ajax.googleapis.com/ajax/libs/webfont/1.6.26/webfont.js]
[assets-global.website-files.com/64c79ee268baad8314427a80/650485c903fc12dd96bd0a42_Favicon.png]
[assets-global.website-files.com/64c79ee268baad8314427a80/650485da23c11db0e2dd6ddb_Webclip.png]
[rgbtfire.webflow.io/home-page.html]
[rgbtfire.webflow.io/sponsors.html]
[rgbtfire.webflow.io/course.html]
[rgbtfire.webflow.io/template-info/licenses.html]
[assets-global.website-files.com/64c79ee268baad8314427a80/64c845083a969627e548be39_pump-mr.png]
[d3e54v103j8qbb.cloudfront.net/js/jquery-3.5.1.min.dc5e7f18c883d1.js]
[rgbtfire.webflow.io/about.html]
[assets-global.website-files.com/64c79ee268baad8314427a80/js/webflow.597cea19e.js]
[assets-global.website-files.com/64c79ee268baad8314427a80/64c8088050074f3bb1049f9d_cyan-vibre.png]
[assets-global.website-files.com/64c79ee268baad8314427a80/64c83a20491e9f2ed402e2e3_wave-purple.png]
[assets-global.website-files.com/64c79ee268baad8314427a80/css/rgbtfire.webflow.e36b3ea55.css]
[assets-global.website-files.com/64c79ee268baad8314427a80/64c7b84cc8103991dd5f8197_video-bg-poster-00001.jpg]
[assets-global.website-files.com/64c7e1ae6f68ff6933d17ef9/651c1a662ee0b9e3651dca68_Firecrew Game.png]
[assets-global.website-files.com/64c7e1ae6f68ff6933d17ef9/651c1a3927d2a4f4f990d6f2_EGaming.png]
[assets-global.website-files.com/64c7e1ae6f68ff6933d17ef9/651c1a76c70a6abcd2c297c6_Fighters Game.png]
[rgbtfire.webflow.io/home-page.html]
[rgbtfire.webflow.io/match/g2-astralis.html]
[assets-global.website-files.com/64c79ee268baad8314427a80/64c936b9981a55e20b035928_production icon.png]
[rgbtfire.webflow.io/sponsors.html]
[assets-global.website-files.com/64c79ee268baad8314427a80/64c8ed6c79c5b7e47c8e72bf_b60ca2e54dc1de1a67d9dfd387026c2c.jpg]
[assets-global.website-files.com/64c79ee268baad8314427a80/64c92cfbb1a0fc2dfed56488_youtube-red-logo.png]
[rgbtfire.webflow.io/course.html]
[rgbtfire.webflow.io/template-info/licenses.html]
[rgbtfire.webflow.io/match/g2-astralis.html]
[rgbtfire.webflow.io/index.html]
[rgbtfire.webflow.io/list-of-collections.html]
[rgbtfire.webflow.io/template-info/guidelines.html]
[rgbtfire.webflow.io/template-info/changelog.html]
[rgbtfire.webflow.io/_https_/assets-global.website-files.com/64c79ee268baad8314427a80/6504866d83ec54565bd3edc5_hero-video-poster-00001.html]
[rgbtfire.webflow.io/creator/huda.html]
[rgbtfire.webflow.io/creator/lavonne-effertz.html]
[rgbtfire.webflow.io/creator/anastasia-schinner.html]
[rgbtfire.webflow.io/_https_/assets-global.website-files.com/64c79ee268baad8314427a80/64c7b84cc8103991dd5f8197_video-bg-poster-00001.html]
[rgbtfire.webflow.io/event/the-international.html]
[rgbtfire.webflow.io/event/dolores-inventore.html]
[rgbtfire.webflow.io/event/csgomc.html]
[rgbtfire.webflow.io/_https_/assets-global.website-files.com/64c7e1ae6f68ff6933d17ef9/6504526d1156b6ae9260a031_Match BG2 (1.html]
[rgbtfire.webflow.io/match/mad-astralis.html]
[rgbtfire.webflow.io/match/faze-vs-g2.html]
[rgbtfire.webflow.io/sponsor/2501-organization.html]
[rgbtfire.webflow.io/sponsor/ecore.html]
[rgbtfire.webflow.io/sponsor/foolish.html]
[rgbtfire.webflow.io/template-info/_https_/assets-global.website-files.com/64c79ee268baad8314427a80/6504866d83ec54565bd3edc5_hero-video-poster-00001.html]
[rgbtfire.webflow.io/team/foolish.html]
[rgbtfire.webflow.io/team/leroy.html]
[rgbtfire.webflow.io/match/_https_/assets-global.website-files.com/64c79ee268baad8314427a80/6504866d83ec54565bd3edc5_hero-video-poster-00001.html]
